Utilisation des paramètres de lancement à partir de src\Todo.Api\Properties\launchSettings.json...
Génération...
D:\todomvc-nuxt\Todo\src\Todo.Api\Todo.Api.csproj : warning NU1603: Todo.Api depends on Scalar.AspNetCore (>= 1.2.0) but Scalar.AspNetCore 1.2.0 was not found. Scalar.AspNetCore 1.2.3 was resolved instead.
D:\todomvc-nuxt\Todo\src\Todo.Api\Todo.Api.csproj : warning NU1603: Todo.Api depends on Scalar.AspNetCore (>= 1.2.0) but Scalar.AspNetCore 1.2.0 was not found. Scalar.AspNetCore 1.2.3 was resolved instead.
info: Microsoft.EntityFrameworkCore.Database.Command[20101]
      Executed DbCommand (26ms) [Parameters=[], CommandType='Text', CommandTimeout='30']
      SELECT COUNT(*) FROM "sqlite_master" WHERE "type" = 'table' AND "rootpage" IS NOT NULL;
info: Microsoft.Hosting.Lifetime[14]
      Now listening on: http://localhost:5046
info: Microsoft.Hosting.Lifetime[0]
      Application started. Press Ctrl+C to shut down.
info: Microsoft.Hosting.Lifetime[0]
      Hosting environment: Development
info: Microsoft.Hosting.Lifetime[0]
      Content root path: D:\todomvc-nuxt\Todo\src\Todo.Api
warn: Microsoft.AspNetCore.HttpsPolicy.HttpsRedirectionMiddleware[3]
      Failed to determine the https port for redirect.
info: Microsoft.EntityFrameworkCore.Database.Command[20101]
      Executed DbCommand (2ms) [Parameters=[], CommandType='Text', CommandTimeout='30']
      SELECT "t"."Id", "t"."CreatedAt", "t"."IsCompleted", "t"."Name", "t"."UpdatedAt"
      FROM "Todos" AS "t"
info: Microsoft.EntityFrameworkCore.Database.Command[20101]
      Executed DbCommand (0ms) [Parameters=[], CommandType='Text', CommandTimeout='30']
      SELECT "t"."Id", "t"."CreatedAt", "t"."IsCompleted", "t"."Name", "t"."UpdatedAt"
      FROM "Todos" AS "t"
info: Microsoft.EntityFrameworkCore.Database.Command[20101]
      Executed DbCommand (10ms) [Parameters=[@p0='?' (DbType = Guid), @p1='?' (DbType = DateTime), @p2='?' (DbType = Boolean), @p3='?' (Size = 13), @p4='?' (DbType = DateTime)], CommandType='Text', CommandTimeout='30']
      INSERT INTO "Todos" ("Id", "CreatedAt", "IsCompleted", "Name", "UpdatedAt")
      VALUES (@p0, @p1, @p2, @p3, @p4);
info: Microsoft.EntityFrameworkCore.Database.Command[20101]
      Executed DbCommand (0ms) [Parameters=[], CommandType='Text', CommandTimeout='30']
      SELECT "t"."Id", "t"."CreatedAt", "t"."IsCompleted", "t"."Name", "t"."UpdatedAt"
      FROM "Todos" AS "t"
info: Microsoft.EntityFrameworkCore.Database.Command[20101]
      Executed DbCommand (0ms) [Parameters=[@isCompleted_Value='?' (DbType = Boolean)], CommandType='Text', CommandTimeout='30']
      SELECT "t"."Id", "t"."CreatedAt", "t"."IsCompleted", "t"."Name", "t"."UpdatedAt"
      FROM "Todos" AS "t"
      WHERE "t"."IsCompleted" = @isCompleted_Value
info: Microsoft.EntityFrameworkCore.Database.Command[20101]
      Executed DbCommand (0ms) [Parameters=[], CommandType='Text', CommandTimeout='30']
      SELECT "t"."Id", "t"."CreatedAt", "t"."IsCompleted", "t"."Name", "t"."UpdatedAt"
      FROM "Todos" AS "t"
info: Microsoft.EntityFrameworkCore.Database.Command[20101]
      Executed DbCommand (0ms) [Parameters=[@p='?' (DbType = Guid)], CommandType='Text', CommandTimeout='30']
      SELECT "t"."Id", "t"."CreatedAt", "t"."IsCompleted", "t"."Name", "t"."UpdatedAt"
      FROM "Todos" AS "t"
      WHERE "t"."Id" = @p
      LIMIT 1
info: Microsoft.EntityFrameworkCore.Database.Command[20101]
      Executed DbCommand (1ms) [Parameters=[@p4='?' (DbType = Guid), @p0='?' (DbType = DateTime), @p1='?' (DbType = Boolean), @p2='?' (Size = 7), @p3='?' (DbType = DateTime)], CommandType='Text', CommandTimeout='30']
      UPDATE "Todos" SET "CreatedAt" = @p0, "IsCompleted" = @p1, "Name" = @p2, "UpdatedAt" = @p3
      WHERE "Id" = @p4
      RETURNING 1;
info: Microsoft.EntityFrameworkCore.Database.Command[20101]
      Executed DbCommand (0ms) [Parameters=[@isCompleted_Value='?' (DbType = Boolean)], CommandType='Text', CommandTimeout='30']
      SELECT "t"."Id", "t"."CreatedAt", "t"."IsCompleted", "t"."Name", "t"."UpdatedAt"
      FROM "Todos" AS "t"
      WHERE "t"."IsCompleted" = @isCompleted_Value
info: Microsoft.EntityFrameworkCore.Database.Command[20101]
      Executed DbCommand (0ms) [Parameters=[@p='?' (DbType = Guid)], CommandType='Text', CommandTimeout='30']
      SELECT "t"."Id", "t"."CreatedAt", "t"."IsCompleted", "t"."Name", "t"."UpdatedAt"
      FROM "Todos" AS "t"
      WHERE "t"."Id" = @p
      LIMIT 1
info: Microsoft.EntityFrameworkCore.Database.Command[20101]
      Executed DbCommand (0ms) [Parameters=[@p4='?' (DbType = Guid), @p0='?' (DbType = DateTime), @p1='?' (DbType = Boolean), @p2='?' (Size = 12), @p3='?' (DbType = DateTime)], CommandType='Text', CommandTimeout='30']
      UPDATE "Todos" SET "CreatedAt" = @p0, "IsCompleted" = @p1, "Name" = @p2, "UpdatedAt" = @p3
      WHERE "Id" = @p4
      RETURNING 1;
info: Microsoft.EntityFrameworkCore.Database.Command[20101]
      Executed DbCommand (0ms) [Parameters=[], CommandType='Text', CommandTimeout='30']
      SELECT "t"."Id", "t"."CreatedAt", "t"."IsCompleted", "t"."Name", "t"."UpdatedAt"
      FROM "Todos" AS "t"
info: Microsoft.EntityFrameworkCore.Database.Command[20101]
      Executed DbCommand (0ms) [Parameters=[@p1='?' (DbType = Guid), @p0='?' (DbType = DateTime)], CommandType='Text', CommandTimeout='30']
      UPDATE "Todos" SET "UpdatedAt" = @p0
      WHERE "Id" = @p1
      RETURNING 1;
info: Microsoft.EntityFrameworkCore.Database.Command[20101]
      Executed DbCommand (0ms) [Parameters=[@p2='?' (DbType = Guid), @p0='?' (DbType = Boolean), @p1='?' (DbType = DateTime)], CommandType='Text', CommandTimeout='30']
      UPDATE "Todos" SET "IsCompleted" = @p0, "UpdatedAt" = @p1
      WHERE "Id" = @p2
      RETURNING 1;
info: Microsoft.EntityFrameworkCore.Database.Command[20101]
      Executed DbCommand (0ms) [Parameters=[@p1='?' (DbType = Guid), @p0='?' (DbType = DateTime)], CommandType='Text', CommandTimeout='30']
      UPDATE "Todos" SET "UpdatedAt" = @p0
      WHERE "Id" = @p1
      RETURNING 1;
info: Microsoft.EntityFrameworkCore.Database.Command[20101]
      Executed DbCommand (0ms) [Parameters=[@p2='?' (DbType = Guid), @p0='?' (DbType = Boolean), @p1='?' (DbType = DateTime)], CommandType='Text', CommandTimeout='30']
      UPDATE "Todos" SET "IsCompleted" = @p0, "UpdatedAt" = @p1
      WHERE "Id" = @p2
      RETURNING 1;
info: Microsoft.EntityFrameworkCore.Database.Command[20101]
      Executed DbCommand (0ms) [Parameters=[@p2='?' (DbType = Guid), @p0='?' (DbType = Boolean), @p1='?' (DbType = DateTime)], CommandType='Text', CommandTimeout='30']
      UPDATE "Todos" SET "IsCompleted" = @p0, "UpdatedAt" = @p1
      WHERE "Id" = @p2
      RETURNING 1;
info: Microsoft.EntityFrameworkCore.Database.Command[20101]
      Executed DbCommand (0ms) [Parameters=[@p1='?' (DbType = Guid), @p0='?' (DbType = DateTime)], CommandType='Text', CommandTimeout='30']
      UPDATE "Todos" SET "UpdatedAt" = @p0
      WHERE "Id" = @p1
      RETURNING 1;
info: Microsoft.EntityFrameworkCore.Database.Command[20101]
      Executed DbCommand (0ms) [Parameters=[], CommandType='Text', CommandTimeout='30']
      SELECT "t"."Id", "t"."CreatedAt", "t"."IsCompleted", "t"."Name", "t"."UpdatedAt"
      FROM "Todos" AS "t"
info: Microsoft.EntityFrameworkCore.Database.Command[20101]
      Executed DbCommand (2ms) [Parameters=[], CommandType='Text', CommandTimeout='30']
      SELECT "t"."Id", "t"."CreatedAt", "t"."IsCompleted", "t"."Name", "t"."UpdatedAt"
      FROM "Todos" AS "t"
      WHERE "t"."IsCompleted"
info: Microsoft.EntityFrameworkCore.Database.Command[20101]
      Executed DbCommand (0ms) [Parameters=[@p0='?' (DbType = Guid)], CommandType='Text', CommandTimeout='30']
      DELETE FROM "Todos"
      WHERE "Id" = @p0
      RETURNING 1;
info: Microsoft.EntityFrameworkCore.Database.Command[20101]
      Executed DbCommand (0ms) [Parameters=[@p0='?' (DbType = Guid)], CommandType='Text', CommandTimeout='30']
      DELETE FROM "Todos"
      WHERE "Id" = @p0
      RETURNING 1;
info: Microsoft.EntityFrameworkCore.Database.Command[20101]
      Executed DbCommand (0ms) [Parameters=[@p0='?' (DbType = Guid)], CommandType='Text', CommandTimeout='30']
      DELETE FROM "Todos"
      WHERE "Id" = @p0
      RETURNING 1;
info: Microsoft.EntityFrameworkCore.Database.Command[20101]
      Executed DbCommand (0ms) [Parameters=[@p0='?' (DbType = Guid)], CommandType='Text', CommandTimeout='30']
      DELETE FROM "Todos"
      WHERE "Id" = @p0
      RETURNING 1;
info: Microsoft.EntityFrameworkCore.Database.Command[20101]
      Executed DbCommand (0ms) [Parameters=[@p0='?' (DbType = Guid)], CommandType='Text', CommandTimeout='30']
      DELETE FROM "Todos"
      WHERE "Id" = @p0
      RETURNING 1;
info: Microsoft.EntityFrameworkCore.Database.Command[20101]
      Executed DbCommand (0ms) [Parameters=[@p0='?' (DbType = Guid)], CommandType='Text', CommandTimeout='30']
      DELETE FROM "Todos"
      WHERE "Id" = @p0
      RETURNING 1;
info: Microsoft.EntityFrameworkCore.Database.Command[20101]
      Executed DbCommand (0ms) [Parameters=[], CommandType='Text', CommandTimeout='30']
      SELECT "t"."Id", "t"."CreatedAt", "t"."IsCompleted", "t"."Name", "t"."UpdatedAt"
      FROM "Todos" AS "t"
info: Microsoft.EntityFrameworkCore.Database.Command[20101]
      Executed DbCommand (0ms) [Parameters=[@p='?' (DbType = Guid)], CommandType='Text', CommandTimeout='30']
      SELECT "t"."Id", "t"."CreatedAt", "t"."IsCompleted", "t"."Name", "t"."UpdatedAt"
      FROM "Todos" AS "t"
      WHERE "t"."Id" = @p
      LIMIT 1
info: Microsoft.EntityFrameworkCore.Database.Command[20101]
      Executed DbCommand (1ms) [Parameters=[], CommandType='Text', CommandTimeout='30']
      SELECT "t"."Id", "t"."CreatedAt", "t"."IsCompleted", "t"."Name", "t"."UpdatedAt"
      FROM "Todos" AS "t"
info: Microsoft.EntityFrameworkCore.Database.Command[20101]
      Executed DbCommand (0ms) [Parameters=[], CommandType='Text', CommandTimeout='30']
      SELECT "t"."Id", "t"."CreatedAt", "t"."IsCompleted", "t"."Name", "t"."UpdatedAt"
      FROM "Todos" AS "t"
info: Microsoft.EntityFrameworkCore.Database.Command[20101]
      Executed DbCommand (0ms) [Parameters=[], CommandType='Text', CommandTimeout='30']
      SELECT "t"."Id", "t"."CreatedAt", "t"."IsCompleted", "t"."Name", "t"."UpdatedAt"
      FROM "Todos" AS "t"
info: Microsoft.EntityFrameworkCore.Database.Command[20101]
      Executed DbCommand (5ms) [Parameters=[@p0='?' (DbType = Guid), @p1='?' (DbType = DateTime), @p2='?' (DbType = Boolean), @p3='?' (Size = 22), @p4='?' (DbType = DateTime)], CommandType='Text', CommandTimeout='30']
      INSERT INTO "Todos" ("Id", "CreatedAt", "IsCompleted", "Name", "UpdatedAt")
      VALUES (@p0, @p1, @p2, @p3, @p4);
info: Microsoft.EntityFrameworkCore.Database.Command[20101]
      Executed DbCommand (0ms) [Parameters=[], CommandType='Text', CommandTimeout='30']
      SELECT "t"."Id", "t"."CreatedAt", "t"."IsCompleted", "t"."Name", "t"."UpdatedAt"
      FROM "Todos" AS "t"
info: Microsoft.EntityFrameworkCore.Database.Command[20101]
      Executed DbCommand (0ms) [Parameters=[@p='?' (DbType = Guid)], CommandType='Text', CommandTimeout='30']
      SELECT "t"."Id", "t"."CreatedAt", "t"."IsCompleted", "t"."Name", "t"."UpdatedAt"
      FROM "Todos" AS "t"
      WHERE "t"."Id" = @p
      LIMIT 1
info: Microsoft.EntityFrameworkCore.Database.Command[20101]
      Executed DbCommand (0ms) [Parameters=[@p4='?' (DbType = Guid), @p0='?' (DbType = DateTime), @p1='?' (DbType = Boolean), @p2='?' (Size = 22), @p3='?' (DbType = DateTime)], CommandType='Text', CommandTimeout='30']
      UPDATE "Todos" SET "CreatedAt" = @p0, "IsCompleted" = @p1, "Name" = @p2, "UpdatedAt" = @p3
      WHERE "Id" = @p4
      RETURNING 1;
info: Microsoft.EntityFrameworkCore.Database.Command[20101]
      Executed DbCommand (0ms) [Parameters=[], CommandType='Text', CommandTimeout='30']
      SELECT "t"."Id", "t"."CreatedAt", "t"."IsCompleted", "t"."Name", "t"."UpdatedAt"
      FROM "Todos" AS "t"
info: Microsoft.EntityFrameworkCore.Database.Command[20101]
      Executed DbCommand (1ms) [Parameters=[@p0='?' (DbType = Guid), @p1='?' (DbType = DateTime), @p2='?' (DbType = Boolean), @p3='?' (Size = 4), @p4='?' (DbType = DateTime)], CommandType='Text', CommandTimeout='30']
      INSERT INTO "Todos" ("Id", "CreatedAt", "IsCompleted", "Name", "UpdatedAt")
      VALUES (@p0, @p1, @p2, @p3, @p4);
info: Microsoft.EntityFrameworkCore.Database.Command[20101]
      Executed DbCommand (0ms) [Parameters=[], CommandType='Text', CommandTimeout='30']
      SELECT "t"."Id", "t"."CreatedAt", "t"."IsCompleted", "t"."Name", "t"."UpdatedAt"
      FROM "Todos" AS "t"
info: Microsoft.EntityFrameworkCore.Database.Command[20101]
      Executed DbCommand (0ms) [Parameters=[], CommandType='Text', CommandTimeout='30']
      SELECT "t"."Id", "t"."CreatedAt", "t"."IsCompleted", "t"."Name", "t"."UpdatedAt"
      FROM "Todos" AS "t"
info: Microsoft.EntityFrameworkCore.Database.Command[20101]
      Executed DbCommand (0ms) [Parameters=[@p='?' (DbType = Guid)], CommandType='Text', CommandTimeout='30']
      SELECT "t"."Id", "t"."CreatedAt", "t"."IsCompleted", "t"."Name", "t"."UpdatedAt"
      FROM "Todos" AS "t"
      WHERE "t"."Id" = @p
      LIMIT 1
info: Microsoft.EntityFrameworkCore.Database.Command[20101]
      Executed DbCommand (0ms) [Parameters=[@p4='?' (DbType = Guid), @p0='?' (DbType = DateTime), @p1='?' (DbType = Boolean), @p2='?' (Size = 7), @p3='?' (DbType = DateTime)], CommandType='Text', CommandTimeout='30']
      UPDATE "Todos" SET "CreatedAt" = @p0, "IsCompleted" = @p1, "Name" = @p2, "UpdatedAt" = @p3
      WHERE "Id" = @p4
      RETURNING 1;
info: Microsoft.EntityFrameworkCore.Database.Command[20101]
      Executed DbCommand (0ms) [Parameters=[], CommandType='Text', CommandTimeout='30']
      SELECT "t"."Id", "t"."CreatedAt", "t"."IsCompleted", "t"."Name", "t"."UpdatedAt"
      FROM "Todos" AS "t"
info: Microsoft.EntityFrameworkCore.Database.Command[20101]
      Executed DbCommand (0ms) [Parameters=[@p='?' (DbType = Guid)], CommandType='Text', CommandTimeout='30']
      SELECT "t"."Id", "t"."CreatedAt", "t"."IsCompleted", "t"."Name", "t"."UpdatedAt"
      FROM "Todos" AS "t"
      WHERE "t"."Id" = @p
      LIMIT 1
info: Microsoft.EntityFrameworkCore.Database.Command[20101]
      Executed DbCommand (0ms) [Parameters=[@p0='?' (DbType = Guid)], CommandType='Text', CommandTimeout='30']
      DELETE FROM "Todos"
      WHERE "Id" = @p0
      RETURNING 1;
info: Microsoft.EntityFrameworkCore.Database.Command[20101]
      Executed DbCommand (0ms) [Parameters=[], CommandType='Text', CommandTimeout='30']
      SELECT "t"."Id", "t"."CreatedAt", "t"."IsCompleted", "t"."Name", "t"."UpdatedAt"
      FROM "Todos" AS "t"
